{
    "sarscov2 single-end [fastqc] [multiple configs]": {
        "content": [
            {
                "data": [
                    [
                        [
                            "fastqc-status-check-heatmap.txt",
                            "fastqc_overrepresented_sequences_plot.txt",
                            "fastqc_per_base_n_content_plot.txt",
                            "fastqc_per_base_sequence_quality_plot.txt",
                            "fastqc_per_sequence_gc_content_plot_Counts.txt",
                            "fastqc_per_sequence_gc_content_plot_Percentages.txt",
                            "fastqc_per_sequence_quality_scores_plot.txt",
                            "fastqc_sequence_counts_plot.txt",
                            "fastqc_sequence_duplication_levels_plot.txt",
                            "fastqc_sequence_length_distribution_plot.txt",
                            "fastqc_top_overrepresented_sequences_table.txt",
                            "llms-full.txt",
                            "multiqc.log",
                            "multiqc.parquet",
                            "multiqc_citations.txt",
                            "multiqc_data.json",
                            "multiqc_fastqc.txt",
                            "multiqc_general_stats.txt",
                            "multiqc_sources.txt"
                        ]
                    ]
                ],
                "plots": [
                    
                ],
                "report": "multiqc_report.html",
                "versions": [
                    [
                        "MULTIQC",
                        "multiqc",
                        "1.34"
                    ]
                ]
            }
        ],
        "timestamp": "2026-05-21T10:41:25.652595",
        "meta": {
            "nf-test": "0.9.5",
            "nextflow": "26.04.0"
        }
    },
    "sarscov2 single-end [fastqc]": {
        "content": [
            {
                "data": [
                    [
                        [
                            "fastqc-status-check-heatmap.txt",
                            "fastqc_overrepresented_sequences_plot.txt",
                            "fastqc_per_base_n_content_plot.txt",
                            "fastqc_per_base_sequence_quality_plot.txt",
                            "fastqc_per_sequence_gc_content_plot_Counts.txt",
                            "fastqc_per_sequence_gc_content_plot_Percentages.txt",
                            "fastqc_per_sequence_quality_scores_plot.txt",
                            "fastqc_sequence_counts_plot.txt",
                            "fastqc_sequence_duplication_levels_plot.txt",
                            "fastqc_sequence_length_distribution_plot.txt",
                            "fastqc_top_overrepresented_sequences_table.txt",
                            "llms-full.txt",
                            "multiqc.log",
                            "multiqc.parquet",
                            "multiqc_citations.txt",
                            "multiqc_data.json",
                            "multiqc_fastqc.txt",
                            "multiqc_general_stats.txt",
                            "multiqc_software_versions.txt",
                            "multiqc_sources.txt"
                        ]
                    ]
                ],
                "plots": [
                    
                ],
                "report": "multiqc_report.html",
                "versions": [
                    [
                        "MULTIQC",
                        "multiqc",
                        "1.34"
                    ]
                ]
            }
        ],
        "timestamp": "2026-05-21T10:40:55.923194",
        "meta": {
            "nf-test": "0.9.5",
            "nextflow": "26.04.0"
        }
    },
    "sarscov2 single-end [fastqc] - stub": {
        "content": [
            {
                "0": [
                    [
                        {
                            "id": "FASTQC"
                        },
                        "multiqc_report.html:md5,d41d8cd98f00b204e9800998ecf8427e"
                    ]
                ],
                "1": [
                    [
                        {
                            "id": "FASTQC"
                        },
                        [
                            ".stub:md5,d41d8cd98f00b204e9800998ecf8427e"
                        ]
                    ]
                ],
                "2": [
                    [
                        {
                            "id": "FASTQC"
                        },
                        [
                            ".stub:md5,d41d8cd98f00b204e9800998ecf8427e"
                        ]
                    ]
                ],
                "3": [
                    [
                        "MULTIQC",
                        "multiqc",
                        "1.34"
                    ]
                ],
                "data": [
                    [
                        {
                            "id": "FASTQC"
                        },
                        [
                            ".stub:md5,d41d8cd98f00b204e9800998ecf8427e"
                        ]
                    ]
                ],
                "plots": [
                    [
                        {
                            "id": "FASTQC"
                        },
                        [
                            ".stub:md5,d41d8cd98f00b204e9800998ecf8427e"
                        ]
                    ]
                ],
                "report": [
                    [
                        {
                            "id": "FASTQC"
                        },
                        "multiqc_report.html:md5,d41d8cd98f00b204e9800998ecf8427e"
                    ]
                ],
                "versions": [
                    [
                        "MULTIQC",
                        "multiqc",
                        "1.34"
                    ]
                ]
            }
        ],
        "timestamp": "2026-05-21T10:41:31.08876",
        "meta": {
            "nf-test": "0.9.5",
            "nextflow": "26.04.0"
        }
    },
    "sarscov2 single-end [fastqc] [config]": {
        "content": [
            {
                "data": [
                    [
                        [
                            "fastqc-status-check-heatmap.txt",
                            "fastqc_overrepresented_sequences_plot.txt",
                            "fastqc_per_base_n_content_plot.txt",
                            "fastqc_per_base_sequence_quality_plot.txt",
                            "fastqc_per_sequence_gc_content_plot_Counts.txt",
                            "fastqc_per_sequence_gc_content_plot_Percentages.txt",
                            "fastqc_per_sequence_quality_scores_plot.txt",
                            "fastqc_sequence_counts_plot.txt",
                            "fastqc_sequence_duplication_levels_plot.txt",
                            "fastqc_sequence_length_distribution_plot.txt",
                            "fastqc_top_overrepresented_sequences_table.txt",
                            "llms-full.txt",
                            "multiqc.log",
                            "multiqc.parquet",
                            "multiqc_citations.txt",
                            "multiqc_data.json",
                            "multiqc_fastqc.txt",
                            "multiqc_general_stats.txt",
                            "multiqc_sources.txt"
                        ]
                    ]
                ],
                "plots": [
                    
                ],
                "report": "multiqc_report.html",
                "versions": [
                    [
                        "MULTIQC",
                        "multiqc",
                        "1.34"
                    ]
                ]
            }
        ],
        "timestamp": "2026-05-21T10:41:15.790539",
        "meta": {
            "nf-test": "0.9.5",
            "nextflow": "26.04.0"
        }
    },
    "sarscov2 single-end [fastqc] - custom prefix": {
        "content": [
            {
                "data": [
                    [
                        [
                            "fastqc-status-check-heatmap.txt",
                            "fastqc_overrepresented_sequences_plot.txt",
                            "fastqc_per_base_n_content_plot.txt",
                            "fastqc_per_base_sequence_quality_plot.txt",
                            "fastqc_per_sequence_gc_content_plot_Counts.txt",
                            "fastqc_per_sequence_gc_content_plot_Percentages.txt",
                            "fastqc_per_sequence_quality_scores_plot.txt",
                            "fastqc_sequence_counts_plot.txt",
                            "fastqc_sequence_duplication_levels_plot.txt",
                            "fastqc_sequence_length_distribution_plot.txt",
                            "fastqc_top_overrepresented_sequences_table.txt",
                            "llms-full.txt",
                            "multiqc.log",
                            "multiqc.parquet",
                            "multiqc_citations.txt",
                            "multiqc_data.json",
                            "multiqc_fastqc.txt",
                            "multiqc_general_stats.txt",
                            "multiqc_software_versions.txt",
                            "multiqc_sources.txt"
                        ]
                    ]
                ],
                "plots": [
                    
                ],
                "report": "custom_prefix.html",
                "versions": [
                    [
                        "MULTIQC",
                        "multiqc",
                        "1.34"
                    ]
                ]
            }
        ],
        "timestamp": "2026-05-21T10:41:06.004374",
        "meta": {
            "nf-test": "0.9.5",
            "nextflow": "26.04.0"
        }
    }
}