{
    "Paired-End": {
        "content": [
            [
                
            ],
            [
                
            ],
            [
                
            ],
            {
                "versions_bwa": [
                    [
                        "BWA_MEM",
                        "bwa",
                        "0.7.19-r1273"
                    ]
                ],
                "versions_samtools": [
                    [
                        "BWA_MEM",
                        "samtools",
                        "1.22.1"
                    ]
                ]
            },
            "bam_md5:90a06a551ef39dc0e3d4c978acd96b0b"
        ],
        "timestamp": "2026-05-21T13:38:44.094588",
        "meta": {
            "nf-test": "0.9.5",
            "nextflow": "26.04.0"
        }
    },
    "Paired-end - stub": {
        "content": [
            {
                "0": [
                    [
                        {
                            "id": "test",
                            "single_end": false
                        },
                        "test.bam:md5,d41d8cd98f00b204e9800998ecf8427e"
                    ]
                ],
                "1": [
                    
                ],
                "2": [
                    [
                        {
                            "id": "test",
                            "single_end": false
                        },
                        "test.csi:md5,d41d8cd98f00b204e9800998ecf8427e"
                    ]
                ],
                "3": [
                    [
                        {
                            "id": "test",
                            "single_end": false
                        },
                        "test.crai:md5,d41d8cd98f00b204e9800998ecf8427e"
                    ]
                ],
                "4": [
                    [
                        "BWA_MEM",
                        "bwa",
                        "0.7.19-r1273"
                    ]
                ],
                "5": [
                    [
                        "BWA_MEM",
                        "samtools",
                        "1.22.1"
                    ]
                ],
                "bam": [
                    [
                        {
                            "id": "test",
                            "single_end": false
                        },
                        "test.bam:md5,d41d8cd98f00b204e9800998ecf8427e"
                    ]
                ],
                "crai": [
                    [
                        {
                            "id": "test",
                            "single_end": false
                        },
                        "test.crai:md5,d41d8cd98f00b204e9800998ecf8427e"
                    ]
                ],
                "cram": [
                    
                ],
                "csi": [
                    [
                        {
                            "id": "test",
                            "single_end": false
                        },
                        "test.csi:md5,d41d8cd98f00b204e9800998ecf8427e"
                    ]
                ],
                "versions_bwa": [
                    [
                        "BWA_MEM",
                        "bwa",
                        "0.7.19-r1273"
                    ]
                ],
                "versions_samtools": [
                    [
                        "BWA_MEM",
                        "samtools",
                        "1.22.1"
                    ]
                ]
            }
        ],
        "timestamp": "2026-02-18T12:43:42.119907",
        "meta": {
            "nf-test": "0.9.4",
            "nextflow": "25.10.4"
        }
    }
}